// Jest Snapshot v1, https://goo.gl/fbAQLP

exports[`CustomInput should render all properties correctly for version distance 1`] = `
<div>
  <div
    class="sc-bcXHqe fyNRQf"
  >
    <input
      data-testid="distance"
      id="distance"
      min="1"
      name="distance"
      required=""
      step="1"
      type="number"
    />
    <label
      class=""
      for="distance"
    >
      Delivery Distance in m
    </label>
    <div>
      <svg
        fill="currentColor"
        height="1em"
        stroke="currentColor"
        stroke-width="0"
        viewBox="0 0 24 24"
        width="1em"
        xmlns="http://www.w3.org/2000/svg"
      >
        <g>
          <path
            d="M0 0h24v24H0z"
            fill="none"
          />
          <path
            d="M9.975 8.975a3.5 3.5 0 1 0-4.95 0L7.5 11.45l2.475-2.475zM7.5 14.278L3.61 10.39a5.5 5.5 0 1 1 7.78 0L7.5 14.28zM7.5 8a1.5 1.5 0 1 1 0-3 1.5 1.5 0 0 1 0 3zm9 12.45l2.475-2.475a3.5 3.5 0 1 0-4.95 0L16.5 20.45zm3.89-1.06l-3.89 3.888-3.89-3.889a5.5 5.5 0 1 1 7.78 0zM16.5 17a1.5 1.5 0 1 1 0-3 1.5 1.5 0 0 1 0 3z"
          />
        </g>
      </svg>
    </div>
  </div>
</div>
`;
